// Jest Snapshot v1, https://goo.gl/fbAQLP

exports[`ArticleList renders correctly 1`] = `
<div
  className="MuiGrid-root MuiGrid-container MuiGrid-direction-xs-column MuiGrid-align-items-xs-center MuiGrid-justify-xs-center"
>
  <div
    className="MuiPaper-root MuiCard-root MuiPaper-elevation1 MuiPaper-rounded"
    style={
      Object {
        "marginTop": 10,
        "maxWidth": 600,
      }
    }
  >
    <div
      className="MuiCardHeader-root"
    >
      <div
        className="MuiCardHeader-avatar"
      >
        <div
          aria-label="author initials"
          className="MuiAvatar-root MuiAvatar-circle MuiAvatar-colorDefault"
        >
          M
          D
        </div>
      </div>
      <div
        className="MuiCardHeader-content"
      >
        <span
          className="MuiTypography-root MuiCardHeader-subheader MuiTypography-body2 MuiTypography-colorTextSecondary MuiTypography-displayBlock"
        >
          2020-04-01
        </span>
      </div>
    </div>
    <div
      className="MuiCardContent-root"
    >
      <p
        className="MuiTypography-root MuiTypography-body2 MuiTypography-colorTextSecondary"
      />
    </div>
    <div
      className="MuiCardActions-root MuiCardActions-spacing"
    >
      <a
        aria-disabled={false}
        className="MuiButtonBase-root MuiButton-root MuiButton-text MuiButton-textPrimary MuiButton-textSizeSmall MuiButton-sizeSmall"
        href="https://google.com"
        onBlur={[Function]}
        onDragLeave={[Function]}
        onFocus={[Function]}
        onKeyDown={[Function]}
        onKeyUp={[Function]}
        onMouseDown={[Function]}
        onMouseLeave={[Function]}
        onMouseUp={[Function]}
        onTouchEnd={[Function]}
        onTouchMove={[Function]}
        onTouchStart={[Function]}
        tabIndex={0}
      >
        <span
          className="MuiButton-label"
        >
          Marcin
           
          Dudek
        </span>
      </a>
    </div>
  </div>
  <div
    className="MuiPaper-root MuiCard-root MuiPaper-elevation1 MuiPaper-rounded"
    style={
      Object {
        "marginTop": 10,
        "maxWidth": 600,
      }
    }
  >
    <div
      className="MuiCardHeader-root"
    >
      <div
        className="MuiCardHeader-avatar"
      >
        <div
          aria-label="author initials"
          className="MuiAvatar-root MuiAvatar-circle MuiAvatar-colorDefault"
        >
          M
          D
        </div>
      </div>
      <div
        className="MuiCardHeader-content"
      >
        <span
          className="MuiTypography-root MuiCardHeader-subheader MuiTypography-body2 MuiTypography-colorTextSecondary MuiTypography-displayBlock"
        >
          2020-04-01
        </span>
      </div>
    </div>
    <div
      className="MuiCardContent-root"
    >
      <p
        className="MuiTypography-root MuiTypography-body2 MuiTypography-colorTextSecondary"
      />
    </div>
    <div
      className="MuiCardActions-root MuiCardActions-spacing"
    >
      <a
        aria-disabled={false}
        className="MuiButtonBase-root MuiButton-root MuiButton-text MuiButton-textPrimary MuiButton-textSizeSmall MuiButton-sizeSmall"
        href="https://google.com"
        onBlur={[Function]}
        onDragLeave={[Function]}
        onFocus={[Function]}
        onKeyDown={[Function]}
        onKeyUp={[Function]}
        onMouseDown={[Function]}
        onMouseLeave={[Function]}
        onMouseUp={[Function]}
        onTouchEnd={[Function]}
        onTouchMove={[Function]}
        onTouchStart={[Function]}
        tabIndex={0}
      >
        <span
          className="MuiButton-label"
        >
          Marcin
           
          Dudek
        </span>
      </a>
    </div>
  </div>
</div>
`;
